// Jest Snapshot v1, https://goo.gl/fbAQLP

exports[`Pruebas GitExpertApp Debe de mostrar una lista de categorias 1`] = `
<Fragment>
  <h2>
    Git Expert App
  </h2>
  <hr />
  <CategroyAdd
    setcategories={[Function]}
  />
  <ol>
    <GifGrid
      category="one punch"
      key="one punch"
    />
  </ol>
</Fragment>
`;

exports[`Pruebas GitExpertApp Debe de retornar una pagina  1`] = `
<Fragment>
  <h2>
    Git Expert App
  </h2>
  <hr />
  <CategroyAdd
    setcategories={[Function]}
  />
  <ol>
    <GifGrid
      category="one punch"
      key="one punch"
    />
  </ol>
</Fragment>
`;
